
AVRASM ver. 2.1.30  D:\6492\lab2\Debug\List\lab2.asm Mon Sep 23 15:38:51 2019

D:\6492\lab2\Debug\List\lab2.asm(1090): warning: Register r4 already defined by the .DEF directive
D:\6492\lab2\Debug\List\lab2.asm(1091): warning: Register r5 already defined by the .DEF directive
                 
                 
                 ;CodeVisionAVR C Compiler V3.12 Advanced
                 ;(C) Copyright 1998-2014 Pavel Haiduc, HP InfoTech s.r.l.
                 ;http://www.hpinfotech.com
                 
                 ;Build configuration    : Debug
                 ;Chip type              : ATmega128A
                 ;Program type           : Application
                 ;Clock frequency        : 11,052900 MHz
                 ;Memory model           : Small
                 ;Optimize for           : Size
                 ;(s)printf features     : int, width
                 ;(s)scanf features      : int, width
                 ;External RAM size      : 0
                 ;Data Stack size        : 1024 byte(s)
                 ;Heap size              : 0 byte(s)
                 ;Promote 'char' to 'int': Yes
                 ;'char' is unsigned     : Yes
                 ;8 bit enums            : Yes
                 ;Global 'const' stored in FLASH: No
                 ;Enhanced function parameter passing: Yes
                 ;Enhanced core instructions: On
                 ;Automatic register allocation for global variables: On
                 ;Smart register allocation: On
                 
                 	#define _MODEL_SMALL_
                 
                 	#pragma AVRPART ADMIN PART_NAME ATmega128A
                 	#pragma AVRPART MEMORY PROG_FLASH 131072
                 	#pragma AVRPART MEMORY EEPROM 4096
                 	#pragma AVRPART MEMORY INT_SRAM SIZE 4096
                 	#pragma AVRPART MEMORY INT_SRAM START_ADDR 0x100
                 
                 	#define CALL_SUPPORTED 1
                 
                 	.LISTMAC
                 	.EQU UDRE=0x5
                 	.EQU RXC=0x7
                 	.EQU USR=0xB
                 	.EQU UDR=0xC
                 	.EQU SPSR=0xE
                 	.EQU SPDR=0xF
                 	.EQU EERE=0x0
                 	.EQU EEWE=0x1
                 	.EQU EEMWE=0x2
                 	.EQU EECR=0x1C
                 	.EQU EEDR=0x1D
                 	.EQU EEARL=0x1E
                 	.EQU EEARH=0x1F
                 	.EQU WDTCR=0x21
                 	.EQU MCUCR=0x35
                 	.EQU RAMPZ=0x3B
                 	.EQU SPL=0x3D
                 	.EQU SPH=0x3E
                 	.EQU SREG=0x3F
                 	.EQU XMCRA=0x6D
                 	.EQU XMCRB=0x6C
                 
                 	.DEF R0X0=R0
                 	.DEF R0X1=R1
                 	.DEF R0X2=R2
                 	.DEF R0X3=R3
                 	.DEF R0X4=R4
                 	.DEF R0X5=R5
                 	.DEF R0X6=R6
                 	.DEF R0X7=R7
                 	.DEF R0X8=R8
                 	.DEF R0X9=R9
                 	.DEF R0XA=R10
                 	.DEF R0XB=R11
                 	.DEF R0XC=R12
                 	.DEF R0XD=R13
                 	.DEF R0XE=R14
                 	.DEF R0XF=R15
                 	.DEF R0X10=R16
                 	.DEF R0X11=R17
                 	.DEF R0X12=R18
                 	.DEF R0X13=R19
                 	.DEF R0X14=R20
                 	.DEF R0X15=R21
                 	.DEF R0X16=R22
                 	.DEF R0X17=R23
                 	.DEF R0X18=R24
                 	.DEF R0X19=R25
                 	.DEF R0X1A=R26
                 	.DEF R0X1B=R27
                 	.DEF R0X1C=R28
                 	.DEF R0X1D=R29
                 	.DEF R0X1E=R30
                 	.DEF R0X1F=R31
                 
                 	.EQU __SRAM_START=0x0100
                 	.EQU __SRAM_END=0x10FF
                 	.EQU __DSTACK_SIZE=0x0400
                 	.EQU __HEAP_SIZE=0x0000
                 	.EQU __CLEAR_SRAM_SIZE=__SRAM_END-__SRAM_START+1
                 
                 	.MACRO __CPD1N
                 	CPI  R30,LOW(@0)
                 	LDI  R26,HIGH(@0)
                 	CPC  R31,R26
                 	LDI  R26,BYTE3(@0)
                 	CPC  R22,R26
                 	LDI  R26,BYTE4(@0)
                 	CPC  R23,R26
                 	.ENDM
                 
                 	.MACRO __CPD2N
                 	CPI  R26,LOW(@0)
                 	LDI  R30,HIGH(@0)
                 	CPC  R27,R30
                 	LDI  R30,BYTE3(@0)
                 	CPC  R24,R30
                 	LDI  R30,BYTE4(@0)
                 	CPC  R25,R30
                 	.ENDM
                 
                 	.MACRO __CPWRR
                 	CP   R@0,R@2
                 	CPC  R@1,R@3
                 	.ENDM
                 
                 	.MACRO __CPWRN
                 	CPI  R@0,LOW(@2)
                 	LDI  R30,HIGH(@2)
                 	CPC  R@1,R30
                 	.ENDM
                 
                 	.MACRO __ADDB1MN
                 	SUBI R30,LOW(-@0-(@1))
                 	.ENDM
                 
                 	.MACRO __ADDB2MN
                 	SUBI R26,LOW(-@0-(@1))
                 	.ENDM
                 
                 	.MACRO __ADDW1MN
                 	SUBI R30,LOW(-@0-(@1))
                 	SBCI R31,HIGH(-@0-(@1))
                 	.ENDM
                 
                 	.MACRO __ADDW2MN
                 	SUBI R26,LOW(-@0-(@1))
                 	SBCI R27,HIGH(-@0-(@1))
                 	.ENDM
                 
                 	.MACRO __ADDW1FN
                 	SUBI R30,LOW(-2*@0-(@1))
                 	SBCI R31,HIGH(-2*@0-(@1))
                 	.ENDM
                 
                 	.MACRO __ADDD1FN
                 	SUBI R30,LOW(-2*@0-(@1))
                 	SBCI R31,HIGH(-2*@0-(@1))
                 	SBCI R22,BYTE3(-2*@0-(@1))
                 	.ENDM
                 
                 	.MACRO __ADDD1N
                 	SUBI R30,LOW(-@0)
                 	SBCI R31,HIGH(-@0)
                 	SBCI R22,BYTE3(-@0)
                 	SBCI R23,BYTE4(-@0)
                 	.ENDM
                 
                 	.MACRO __ADDD2N
                 	SUBI R26,LOW(-@0)
                 	SBCI R27,HIGH(-@0)
                 	SBCI R24,BYTE3(-@0)
                 	SBCI R25,BYTE4(-@0)
                 	.ENDM
                 
                 	.MACRO __SUBD1N
                 	SUBI R30,LOW(@0)
                 	SBCI R31,HIGH(@0)
                 	SBCI R22,BYTE3(@0)
                 	SBCI R23,BYTE4(@0)
                 	.ENDM
                 
                 	.MACRO __SUBD2N
                 	SUBI R26,LOW(@0)
                 	SBCI R27,HIGH(@0)
                 	SBCI R24,BYTE3(@0)
                 	SBCI R25,BYTE4(@0)
                 	.ENDM
                 
                 	.MACRO __ANDBMNN
                 	LDS  R30,@0+(@1)
                 	ANDI R30,LOW(@2)
                 	STS  @0+(@1),R30
                 	.ENDM
                 
                 	.MACRO __ANDWMNN
                 	LDS  R30,@0+(@1)
                 	ANDI R30,LOW(@2)
                 	STS  @0+(@1),R30
                 	LDS  R30,@0+(@1)+1
                 	ANDI R30,HIGH(@2)
                 	STS  @0+(@1)+1,R30
                 	.ENDM
                 
                 	.MACRO __ANDD1N
                 	ANDI R30,LOW(@0)
                 	ANDI R31,HIGH(@0)
                 	ANDI R22,BYTE3(@0)
                 	ANDI R23,BYTE4(@0)
                 	.ENDM
                 
                 	.MACRO __ANDD2N
                 	ANDI R26,LOW(@0)
                 	ANDI R27,HIGH(@0)
                 	ANDI R24,BYTE3(@0)
                 	ANDI R25,BYTE4(@0)
                 	.ENDM
                 
                 	.MACRO __ORBMNN
                 	LDS  R30,@0+(@1)
                 	ORI  R30,LOW(@2)
                 	STS  @0+(@1),R30
                 	.ENDM
                 
                 	.MACRO __ORWMNN
                 	LDS  R30,@0+(@1)
                 	ORI  R30,LOW(@2)
                 	STS  @0+(@1),R30
                 	LDS  R30,@0+(@1)+1
                 	ORI  R30,HIGH(@2)
                 	STS  @0+(@1)+1,R30
                 	.ENDM
                 
                 	.MACRO __ORD1N
                 	ORI  R30,LOW(@0)
                 	ORI  R31,HIGH(@0)
                 	ORI  R22,BYTE3(@0)
                 	ORI  R23,BYTE4(@0)
                 	.ENDM
                 
                 	.MACRO __ORD2N
                 	ORI  R26,LOW(@0)
                 	ORI  R27,HIGH(@0)
                 	ORI  R24,BYTE3(@0)
                 	ORI  R25,BYTE4(@0)
                 	.ENDM
                 
                 	.MACRO __DELAY_USB
                 	LDI  R24,LOW(@0)
                 __DELAY_USB_LOOP:
                 	DEC  R24
                 	BRNE __DELAY_USB_LOOP
                 	.ENDM
                 
                 	.MACRO __DELAY_USW
                 	LDI  R24,LOW(@0)
                 	LDI  R25,HIGH(@0)
                 __DELAY_USW_LOOP:
                 	SBIW R24,1
                 	BRNE __DELAY_USW_LOOP
                 	.ENDM
                 
                 	.MACRO __GETD1S
                 	LDD  R30,Y+@0
                 	LDD  R31,Y+@0+1
                 	LDD  R22,Y+@0+2
                 	LDD  R23,Y+@0+3
                 	.ENDM
                 
                 	.MACRO __GETD2S
                 	LDD  R26,Y+@0
                 	LDD  R27,Y+@0+1
                 	LDD  R24,Y+@0+2
                 	LDD  R25,Y+@0+3
                 	.ENDM
                 
                 	.MACRO __PUTD1S
                 	STD  Y+@0,R30
                 	STD  Y+@0+1,R31
                 	STD  Y+@0+2,R22
                 	STD  Y+@0+3,R23
                 	.ENDM
                 
                 	.MACRO __PUTD2S
                 	STD  Y+@0,R26
                 	STD  Y+@0+1,R27
                 	STD  Y+@0+2,R24
                 	STD  Y+@0+3,R25
                 	.ENDM
                 
                 	.MACRO __PUTDZ2
                 	STD  Z+@0,R26
                 	STD  Z+@0+1,R27
                 	STD  Z+@0+2,R24
                 	STD  Z+@0+3,R25
                 	.ENDM
                 
                 	.MACRO __CLRD1S
                 	STD  Y+@0,R30
                 	STD  Y+@0+1,R30
                 	STD  Y+@0+2,R30
                 	STD  Y+@0+3,R30
                 	.ENDM
                 
                 	.MACRO __POINTB1MN
                 	LDI  R30,LOW(@0+(@1))
                 	.ENDM
                 
                 	.MACRO __POINTW1MN
                 	LDI  R30,LOW(@0+(@1))
                 	LDI  R31,HIGH(@0+(@1))
                 	.ENDM
                 
                 	.MACRO __POINTD1M
                 	LDI  R30,LOW(@0)
                 	LDI  R31,HIGH(@0)
                 	LDI  R22,BYTE3(@0)
                 	LDI  R23,BYTE4(@0)
                 	.ENDM
                 
                 	.MACRO __POINTW1FN
                 	LDI  R30,LOW(2*@0+(@1))
                 	LDI  R31,HIGH(2*@0+(@1))
                 	.ENDM
                 
                 	.MACRO __POINTD1FN
                 	LDI  R30,LOW(2*@0+(@1))
                 	LDI  R31,HIGH(2*@0+(@1))
                 	LDI  R22,BYTE3(2*@0+(@1))
                 	LDI  R23,BYTE4(2*@0+(@1))
                 	.ENDM
                 
                 	.MACRO __POINTB2MN
                 	LDI  R26,LOW(@0+(@1))
                 	.ENDM
                 
                 	.MACRO __POINTW2MN
                 	LDI  R26,LOW(@0+(@1))
                 	LDI  R27,HIGH(@0+(@1))
                 	.ENDM
                 
                 	.MACRO __POINTW2FN
                 	LDI  R26,LOW(2*@0+(@1))
                 	LDI  R27,HIGH(2*@0+(@1))
                 	.ENDM
                 
                 	.MACRO __POINTD2FN
                 	LDI  R26,LOW(2*@0+(@1))
                 	LDI  R27,HIGH(2*@0+(@1))
                 	LDI  R24,BYTE3(2*@0+(@1))
                 	LDI  R25,BYTE4(2*@0+(@1))
                 	.ENDM
                 
                 	.MACRO __POINTBRM
                 	LDI  R@0,LOW(@1)
                 	.ENDM
                 
                 	.MACRO __POINTWRM
                 	LDI  R@0,LOW(@2)
                 	LDI  R@1,HIGH(@2)
                 	.ENDM
                 
                 	.MACRO __POINTBRMN
                 	LDI  R@0,LOW(@1+(@2))
                 	.ENDM
                 
                 	.MACRO __POINTWRMN
                 	LDI  R@0,LOW(@2+(@3))
                 	LDI  R@1,HIGH(@2+(@3))
                 	.ENDM
                 
                 	.MACRO __POINTWRFN
                 	LDI  R@0,LOW(@2*2+(@3))
                 	LDI  R@1,HIGH(@2*2+(@3))
                 	.ENDM
                 
                 	.MACRO __GETD1N
                 	LDI  R30,LOW(@0)
                 	LDI  R31,HIGH(@0)
                 	LDI  R22,BYTE3(@0)
                 	LDI  R23,BYTE4(@0)
                 	.ENDM
                 
                 	.MACRO __GETD2N
                 	LDI  R26,LOW(@0)
                 	LDI  R27,HIGH(@0)
                 	LDI  R24,BYTE3(@0)
                 	LDI  R25,BYTE4(@0)
                 	.ENDM
                 
                 	.MACRO __GETB1MN
                 	LDS  R30,@0+(@1)
                 	.ENDM
                 
                 	.MACRO __GETB1HMN
                 	LDS  R31,@0+(@1)
                 	.ENDM
                 
                 	.MACRO __GETW1MN
                 	LDS  R30,@0+(@1)
                 	LDS  R31,@0+(@1)+1
                 	.ENDM
                 
                 	.MACRO __GETD1MN
                 	LDS  R30,@0+(@1)
                 	LDS  R31,@0+(@1)+1
                 	LDS  R22,@0+(@1)+2
                 	LDS  R23,@0+(@1)+3
                 	.ENDM
                 
                 	.MACRO __GETBRMN
                 	LDS  R@0,@1+(@2)
                 	.ENDM
                 
                 	.MACRO __GETWRMN
                 	LDS  R@0,@2+(@3)
                 	LDS  R@1,@2+(@3)+1
                 	.ENDM
                 
                 	.MACRO __GETWRZ
                 	LDD  R@0,Z+@2
                 	LDD  R@1,Z+@2+1
                 	.ENDM
                 
                 	.MACRO __GETD2Z
                 	LDD  R26,Z+@0
                 	LDD  R27,Z+@0+1
                 	LDD  R24,Z+@0+2
                 	LDD  R25,Z+@0+3
                 	.ENDM
                 
                 	.MACRO __GETB2MN
                 	LDS  R26,@0+(@1)
                 	.ENDM
                 
                 	.MACRO __GETW2MN
                 	LDS  R26,@0+(@1)
                 	LDS  R27,@0+(@1)+1
                 	.ENDM
                 
                 	.MACRO __GETD2MN
                 	LDS  R26,@0+(@1)
                 	LDS  R27,@0+(@1)+1
                 	LDS  R24,@0+(@1)+2
                 	LDS  R25,@0+(@1)+3
                 	.ENDM
                 
                 	.MACRO __PUTB1MN
                 	STS  @0+(@1),R30
                 	.ENDM
                 
                 	.MACRO __PUTW1MN
                 	STS  @0+(@1),R30
                 	STS  @0+(@1)+1,R31
                 	.ENDM
                 
                 	.MACRO __PUTD1MN
                 	STS  @0+(@1),R30
                 	STS  @0+(@1)+1,R31
                 	STS  @0+(@1)+2,R22
                 	STS  @0+(@1)+3,R23
                 	.ENDM
                 
                 	.MACRO __PUTB1EN
                 	LDI  R26,LOW(@0+(@1))
                 	LDI  R27,HIGH(@0+(@1))
                 	CALL __EEPROMWRB
                 	.ENDM
                 
                 	.MACRO __PUTW1EN
                 	LDI  R26,LOW(@0+(@1))
                 	LDI  R27,HIGH(@0+(@1))
                 	CALL __EEPROMWRW
                 	.ENDM
                 
                 	.MACRO __PUTD1EN
                 	LDI  R26,LOW(@0+(@1))
                 	LDI  R27,HIGH(@0+(@1))
                 	CALL __EEPROMWRD
                 	.ENDM
                 
                 	.MACRO __PUTBR0MN
                 	STS  @0+(@1),R0
                 	.ENDM
                 
                 	.MACRO __PUTBMRN
                 	STS  @0+(@1),R@2
                 	.ENDM
                 
                 	.MACRO __PUTWMRN
                 	STS  @0+(@1),R@2
                 	STS  @0+(@1)+1,R@3
                 	.ENDM
                 
                 	.MACRO __PUTBZR
                 	STD  Z+@1,R@0
                 	.ENDM
                 
                 	.MACRO __PUTWZR
                 	STD  Z+@2,R@0
                 	STD  Z+@2+1,R@1
                 	.ENDM
                 
                 	.MACRO __GETW1R
                 	MOV  R30,R@0
                 	MOV  R31,R@1
                 	.ENDM
                 
                 	.MACRO __GETW2R
                 	MOV  R26,R@0
                 	MOV  R27,R@1
                 	.ENDM
                 
                 	.MACRO __GETWRN
                 	LDI  R@0,LOW(@2)
                 	LDI  R@1,HIGH(@2)
                 	.ENDM
                 
                 	.MACRO __PUTW1R
                 	MOV  R@0,R30
                 	MOV  R@1,R31
                 	.ENDM
                 
                 	.MACRO __PUTW2R
                 	MOV  R@0,R26
                 	MOV  R@1,R27
                 	.ENDM
                 
                 	.MACRO __ADDWRN
                 	SUBI R@0,LOW(-@2)
                 	SBCI R@1,HIGH(-@2)
                 	.ENDM
                 
                 	.MACRO __ADDWRR
                 	ADD  R@0,R@2
                 	ADC  R@1,R@3
                 	.ENDM
                 
                 	.MACRO __SUBWRN
                 	SUBI R@0,LOW(@2)
                 	SBCI R@1,HIGH(@2)
                 	.ENDM
                 
                 	.MACRO __SUBWRR
                 	SUB  R@0,R@2
                 	SBC  R@1,R@3
                 	.ENDM
                 
                 	.MACRO __ANDWRN
                 	ANDI R@0,LOW(@2)
                 	ANDI R@1,HIGH(@2)
                 	.ENDM
                 
                 	.MACRO __ANDWRR
                 	AND  R@0,R@2
                 	AND  R@1,R@3
                 	.ENDM
                 
                 	.MACRO __ORWRN
                 	ORI  R@0,LOW(@2)
                 	ORI  R@1,HIGH(@2)
                 	.ENDM
                 
                 	.MACRO __ORWRR
                 	OR   R@0,R@2
                 	OR   R@1,R@3
                 	.ENDM
                 
                 	.MACRO __EORWRR
                 	EOR  R@0,R@2
                 	EOR  R@1,R@3
                 	.ENDM
                 
                 	.MACRO __GETWRS
                 	LDD  R@0,Y+@2
                 	LDD  R@1,Y+@2+1
                 	.ENDM
                 
                 	.MACRO __PUTBSR
                 	STD  Y+@1,R@0
                 	.ENDM
                 
                 	.MACRO __PUTWSR
                 	STD  Y+@2,R@0
                 	STD  Y+@2+1,R@1
                 	.ENDM
                 
                 	.MACRO __MOVEWRR
                 	MOV  R@0,R@2
                 	MOV  R@1,R@3
                 	.ENDM
                 
                 	.MACRO __INWR
                 	IN   R@0,@2
                 	IN   R@1,@2+1
                 	.ENDM
                 
                 	.MACRO __OUTWR
                 	OUT  @2+1,R@1
                 	OUT  @2,R@0
                 	.ENDM
                 
                 	.MACRO __CALL1MN
                 	LDS  R30,@0+(@1)
                 	LDS  R31,@0+(@1)+1
                 	ICALL
                 	.ENDM
                 
                 	.MACRO __CALL1FN
                 	LDI  R30,LOW(2*@0+(@1))
                 	LDI  R31,HIGH(2*@0+(@1))
                 	CALL __GETW1PF
                 	ICALL
                 	.ENDM
                 
                 	.MACRO __CALL2EN
                 	PUSH R26
                 	PUSH R27
                 	LDI  R26,LOW(@0+(@1))
                 	LDI  R27,HIGH(@0+(@1))
                 	CALL __EEPROMRDW
                 	POP  R27
                 	POP  R26
                 	ICALL
                 	.ENDM
                 
                 	.MACRO __CALL2EX
                 	SUBI R26,LOW(-@0)
                 	SBCI R27,HIGH(-@0)
                 	CALL __EEPROMRDD
                 	ICALL
                 	.ENDM
                 
                 	.MACRO __GETW1STACK
                 	IN   R30,SPL
                 	IN   R31,SPH
                 	ADIW R30,@0+1
                 	LD   R0,Z+
                 	LD   R31,Z
                 	MOV  R30,R0
                 	.ENDM
                 
                 	.MACRO __GETD1STACK
                 	IN   R30,SPL
                 	IN   R31,SPH
                 	ADIW R30,@0+1
                 	LD   R0,Z+
                 	LD   R1,Z+
                 	LD   R22,Z
                 	MOVW R30,R0
                 	.ENDM
                 
                 	.MACRO __NBST
                 	BST  R@0,@1
                 	IN   R30,SREG
                 	LDI  R31,0x40
                 	EOR  R30,R31
                 	OUT  SREG,R30
                 	.ENDM
                 
                 
                 	.MACRO __PUTB1SN
                 	LDD  R26,Y+@0
                 	LDD  R27,Y+@0+1
                 	SUBI R26,LOW(-@1)
                 	SBCI R27,HIGH(-@1)
                 	ST   X,R30
                 	.ENDM
                 
                 	.MACRO __PUTW1SN
                 	LDD  R26,Y+@0
                 	LDD  R27,Y+@0+1
                 	SUBI R26,LOW(-@1)
                 	SBCI R27,HIGH(-@1)
                 	ST   X+,R30
                 	ST   X,R31
                 	.ENDM
                 
                 	.MACRO __PUTD1SN
                 	LDD  R26,Y+@0
                 	LDD  R27,Y+@0+1
                 	SUBI R26,LOW(-@1)
                 	SBCI R27,HIGH(-@1)
                 	CALL __PUTDP1
                 	.ENDM
                 
                 	.MACRO __PUTB1SNS
                 	LDD  R26,Y+@0
                 	LDD  R27,Y+@0+1
                 	ADIW R26,@1
                 	ST   X,R30
                 	.ENDM
                 
                 	.MACRO __PUTW1SNS
                 	LDD  R26,Y+@0
                 	LDD  R27,Y+@0+1
                 	ADIW R26,@1
                 	ST   X+,R30
                 	ST   X,R31
                 	.ENDM
                 
                 	.MACRO __PUTD1SNS
                 	LDD  R26,Y+@0
                 	LDD  R27,Y+@0+1
                 	ADIW R26,@1
                 	CALL __PUTDP1
                 	.ENDM
                 
                 	.MACRO __PUTB1PMN
                 	LDS  R26,@0
                 	LDS  R27,@0+1
                 	SUBI R26,LOW(-@1)
                 	SBCI R27,HIGH(-@1)
                 	ST   X,R30
                 	.ENDM
                 
                 	.MACRO __PUTW1PMN
                 	LDS  R26,@0
                 	LDS  R27,@0+1
                 	SUBI R26,LOW(-@1)
                 	SBCI R27,HIGH(-@1)
                 	ST   X+,R30
                 	ST   X,R31
                 	.ENDM
                 
                 	.MACRO __PUTD1PMN
                 	LDS  R26,@0
                 	LDS  R27,@0+1
                 	SUBI R26,LOW(-@1)
                 	SBCI R27,HIGH(-@1)
                 	CALL __PUTDP1
                 	.ENDM
                 
                 	.MACRO __PUTB1PMNS
                 	LDS  R26,@0
                 	LDS  R27,@0+1
                 	ADIW R26,@1
                 	ST   X,R30
                 	.ENDM
                 
                 	.MACRO __PUTW1PMNS
                 	LDS  R26,@0
                 	LDS  R27,@0+1
                 	ADIW R26,@1
                 	ST   X+,R30
                 	ST   X,R31
                 	.ENDM
                 
                 	.MACRO __PUTD1PMNS
                 	LDS  R26,@0
                 	LDS  R27,@0+1
                 	ADIW R26,@1
                 	CALL __PUTDP1
                 	.ENDM
                 
                 	.MACRO __PUTB1RN
                 	MOVW R26,R@0
                 	SUBI R26,LOW(-@1)
                 	SBCI R27,HIGH(-@1)
                 	ST   X,R30
                 	.ENDM
                 
                 	.MACRO __PUTW1RN
                 	MOVW R26,R@0
                 	SUBI R26,LOW(-@1)
                 	SBCI R27,HIGH(-@1)
                 	ST   X+,R30
                 	ST   X,R31
                 	.ENDM
                 
                 	.MACRO __PUTD1RN
                 	MOVW R26,R@0
                 	SUBI R26,LOW(-@1)
                 	SBCI R27,HIGH(-@1)
                 	CALL __PUTDP1
                 	.ENDM
                 
                 	.MACRO __PUTB1RNS
                 	MOVW R26,R@0
                 	ADIW R26,@1
                 	ST   X,R30
                 	.ENDM
                 
                 	.MACRO __PUTW1RNS
                 	MOVW R26,R@0
                 	ADIW R26,@1
                 	ST   X+,R30
                 	ST   X,R31
                 	.ENDM
                 
                 	.MACRO __PUTD1RNS
                 	MOVW R26,R@0
                 	ADIW R26,@1
                 	CALL __PUTDP1
                 	.ENDM
                 
                 	.MACRO __PUTB1RON
                 	MOV  R26,R@0
                 	MOV  R27,R@1
                 	SUBI R26,LOW(-@2)
                 	SBCI R27,HIGH(-@2)
                 	ST   X,R30
                 	.ENDM
                 
                 	.MACRO __PUTW1RON
                 	MOV  R26,R@0
                 	MOV  R27,R@1
                 	SUBI R26,LOW(-@2)
                 	SBCI R27,HIGH(-@2)
                 	ST   X+,R30
                 	ST   X,R31
                 	.ENDM
                 
                 	.MACRO __PUTD1RON
                 	MOV  R26,R@0
                 	MOV  R27,R@1
                 	SUBI R26,LOW(-@2)
                 	SBCI R27,HIGH(-@2)
                 	CALL __PUTDP1
                 	.ENDM
                 
                 	.MACRO __PUTB1RONS
                 	MOV  R26,R@0
                 	MOV  R27,R@1
                 	ADIW R26,@2
                 	ST   X,R30
                 	.ENDM
                 
                 	.MACRO __PUTW1RONS
                 	MOV  R26,R@0
                 	MOV  R27,R@1
                 	ADIW R26,@2
                 	ST   X+,R30
                 	ST   X,R31
                 	.ENDM
                 
                 	.MACRO __PUTD1RONS
                 	MOV  R26,R@0
                 	MOV  R27,R@1
                 	ADIW R26,@2
                 	CALL __PUTDP1
                 	.ENDM
                 
                 
                 	.MACRO __GETB1SX
                 	MOVW R30,R28
                 	SUBI R30,LOW(-@0)
                 	SBCI R31,HIGH(-@0)
                 	LD   R30,Z
                 	.ENDM
                 
                 	.MACRO __GETB1HSX
                 	MOVW R30,R28
                 	SUBI R30,LOW(-@0)
                 	SBCI R31,HIGH(-@0)
                 	LD   R31,Z
                 	.ENDM
                 
                 	.MACRO __GETW1SX
                 	MOVW R30,R28
                 	SUBI R30,LOW(-@0)
                 	SBCI R31,HIGH(-@0)
                 	LD   R0,Z+
                 	LD   R31,Z
                 	MOV  R30,R0
                 	.ENDM
                 
                 	.MACRO __GETD1SX
                 	MOVW R30,R28
                 	SUBI R30,LOW(-@0)
                 	SBCI R31,HIGH(-@0)
                 	LD   R0,Z+
                 	LD   R1,Z+
                 	LD   R22,Z+
                 	LD   R23,Z
                 	MOVW R30,R0
                 	.ENDM
                 
                 	.MACRO __GETB2SX
                 	MOVW R26,R28
                 	SUBI R26,LOW(-@0)
                 	SBCI R27,HIGH(-@0)
                 	LD   R26,X
                 	.ENDM
                 
                 	.MACRO __GETW2SX
                 	MOVW R26,R28
                 	SUBI R26,LOW(-@0)
                 	SBCI R27,HIGH(-@0)
                 	LD   R0,X+
                 	LD   R27,X
                 	MOV  R26,R0
                 	.ENDM
                 
                 	.MACRO __GETD2SX
                 	MOVW R26,R28
                 	SUBI R26,LOW(-@0)
                 	SBCI R27,HIGH(-@0)
                 	LD   R0,X+
                 	LD   R1,X+
                 	LD   R24,X+
                 	LD   R25,X
                 	MOVW R26,R0
                 	.ENDM
                 
                 	.MACRO __GETBRSX
                 	MOVW R30,R28
                 	SUBI R30,LOW(-@1)
                 	SBCI R31,HIGH(-@1)
                 	LD   R@0,Z
                 	.ENDM
                 
                 	.MACRO __GETWRSX
                 	MOVW R30,R28
                 	SUBI R30,LOW(-@2)
                 	SBCI R31,HIGH(-@2)
                 	LD   R@0,Z+
                 	LD   R@1,Z
                 	.ENDM
                 
                 	.MACRO __GETBRSX2
                 	MOVW R26,R28
                 	SUBI R26,LOW(-@1)
                 	SBCI R27,HIGH(-@1)
                 	LD   R@0,X
                 	.ENDM
                 
                 	.MACRO __GETWRSX2
                 	MOVW R26,R28
                 	SUBI R26,LOW(-@2)
                 	SBCI R27,HIGH(-@2)
                 	LD   R@0,X+
                 	LD   R@1,X
                 	.ENDM
                 
                 	.MACRO __LSLW8SX
                 	MOVW R30,R28
                 	SUBI R30,LOW(-@0)
                 	SBCI R31,HIGH(-@0)
                 	LD   R31,Z
                 	CLR  R30
                 	.ENDM
                 
                 	.MACRO __PUTB1SX
                 	MOVW R26,R28
                 	SUBI R26,LOW(-@0)
                 	SBCI R27,HIGH(-@0)
                 	ST   X,R30
                 	.ENDM
                 
                 	.MACRO __PUTW1SX
                 	MOVW R26,R28
                 	SUBI R26,LOW(-@0)
                 	SBCI R27,HIGH(-@0)
                 	ST   X+,R30
                 	ST   X,R31
                 	.ENDM
                 
                 	.MACRO __PUTD1SX
                 	MOVW R26,R28
                 	SUBI R26,LOW(-@0)
                 	SBCI R27,HIGH(-@0)
                 	ST   X+,R30
                 	ST   X+,R31
                 	ST   X+,R22
                 	ST   X,R23
                 	.ENDM
                 
                 	.MACRO __CLRW1SX
                 	MOVW R26,R28
                 	SUBI R26,LOW(-@0)
                 	SBCI R27,HIGH(-@0)
                 	ST   X+,R30
                 	ST   X,R30
                 	.ENDM
                 
                 	.MACRO __CLRD1SX
                 	MOVW R26,R28
                 	SUBI R26,LOW(-@0)
                 	SBCI R27,HIGH(-@0)
                 	ST   X+,R30
                 	ST   X+,R30
                 	ST   X+,R30
                 	ST   X,R30
                 	.ENDM
                 
                 	.MACRO __PUTB2SX
                 	MOVW R30,R28
                 	SUBI R30,LOW(-@0)
                 	SBCI R31,HIGH(-@0)
                 	ST   Z,R26
                 	.ENDM
                 
                 	.MACRO __PUTW2SX
                 	MOVW R30,R28
                 	SUBI R30,LOW(-@0)
                 	SBCI R31,HIGH(-@0)
                 	ST   Z+,R26
                 	ST   Z,R27
                 	.ENDM
                 
                 	.MACRO __PUTD2SX
                 	MOVW R30,R28
                 	SUBI R30,LOW(-@0)
                 	SBCI R31,HIGH(-@0)
                 	ST   Z+,R26
                 	ST   Z+,R27
                 	ST   Z+,R24
                 	ST   Z,R25
                 	.ENDM
                 
                 	.MACRO __PUTBSRX
                 	MOVW R30,R28
                 	SUBI R30,LOW(-@1)
                 	SBCI R31,HIGH(-@1)
                 	ST   Z,R@0
                 	.ENDM
                 
                 	.MACRO __PUTWSRX
                 	MOVW R30,R28
                 	SUBI R30,LOW(-@2)
                 	SBCI R31,HIGH(-@2)
                 	ST   Z+,R@0
                 	ST   Z,R@1
                 	.ENDM
                 
                 	.MACRO __PUTB1SNX
                 	MOVW R26,R28
                 	SUBI R26,LOW(-@0)
                 	SBCI R27,HIGH(-@0)
                 	LD   R0,X+
                 	LD   R27,X
                 	MOV  R26,R0
                 	SUBI R26,LOW(-@1)
                 	SBCI R27,HIGH(-@1)
                 	ST   X,R30
                 	.ENDM
                 
                 	.MACRO __PUTW1SNX
                 	MOVW R26,R28
                 	SUBI R26,LOW(-@0)
                 	SBCI R27,HIGH(-@0)
                 	LD   R0,X+
                 	LD   R27,X
                 	MOV  R26,R0
                 	SUBI R26,LOW(-@1)
                 	SBCI R27,HIGH(-@1)
                 	ST   X+,R30
                 	ST   X,R31
                 	.ENDM
                 
                 	.MACRO __PUTD1SNX
                 	MOVW R26,R28
                 	SUBI R26,LOW(-@0)
                 	SBCI R27,HIGH(-@0)
                 	LD   R0,X+
                 	LD   R27,X
                 	MOV  R26,R0
                 	SUBI R26,LOW(-@1)
                 	SBCI R27,HIGH(-@1)
                 	ST   X+,R30
                 	ST   X+,R31
                 	ST   X+,R22
                 	ST   X,R23
                 	.ENDM
                 
                 	.MACRO __MULBRR
                 	MULS R@0,R@1
                 	MOVW R30,R0
                 	.ENDM
                 
                 	.MACRO __MULBRRU
                 	MUL  R@0,R@1
                 	MOVW R30,R0
                 	.ENDM
                 
                 	.MACRO __MULBRR0
                 	MULS R@0,R@1
                 	.ENDM
                 
                 	.MACRO __MULBRRU0
                 	MUL  R@0,R@1
                 	.ENDM
                 
                 	.MACRO __MULBNWRU
                 	LDI  R26,@2
                 	MUL  R26,R@0
                 	MOVW R30,R0
                 	MUL  R26,R@1
                 	ADD  R31,R0
                 	.ENDM
                 
                 ;NAME DEFINITIONS FOR GLOBAL VARIABLES ALLOCATED TO REGISTERS
                 	.DEF _angle=R4
                 	.DEF _angle_msb=R5
                 
                 	.CSEG
                 	.ORG 0x00
                 
                 ;START OF CODE MARKER
                 __START_OF_CODE:
                 
                 ;INTERRUPT VECTORS
000000 940c 005d 	JMP  __RESET
000002 940c 0000 	JMP  0x00
000004 940c 011d 	JMP  _int1Isr
000006 940c 0000 	JMP  0x00
000008 940c 0000 	JMP  0x00
00000a 940c 0000 	JMP  0x00
00000c 940c 0000 	JMP  0x00
00000e 940c 0000 	JMP  0x00
000010 940c 0000 	JMP  0x00
000012 940c 0000 	JMP  0x00
000014 940c 0000 	JMP  0x00
000016 940c 0000 	JMP  0x00
000018 940c 0000 	JMP  0x00
00001a 940c 0000 	JMP  0x00
00001c 940c 0000 	JMP  0x00
00001e 940c 0000 	JMP  0x00
000020 940c 0000 	JMP  0x00
000022 940c 0000 	JMP  0x00
000024 940c 0000 	JMP  0x00
000026 940c 0000 	JMP  0x00
000028 940c 0000 	JMP  0x00
00002a 940c 0000 	JMP  0x00
00002c 940c 0000 	JMP  0x00
00002e 940c 0000 	JMP  0x00
000030 940c 0000 	JMP  0x00
000032 940c 0000 	JMP  0x00
000034 940c 0000 	JMP  0x00
000036 940c 0000 	JMP  0x00
000038 940c 0000 	JMP  0x00
00003a 940c 0000 	JMP  0x00
00003c 940c 0000 	JMP  0x00
00003e 940c 0000 	JMP  0x00
000040 940c 0000 	JMP  0x00
000042 940c 0000 	JMP  0x00
000044 940c 0000 	JMP  0x00
                 
                 ;GLOBAL REGISTER VARIABLES INITIALIZATION
                 __REG_VARS:
000046 0000      	.DB  0x0,0x0
                 
                 _0x3:
000047 063f
000048 4f5b
000049 6d66
00004a 077d      	.DB  0x3F,0x6,0x5B,0x4F,0x66,0x6D,0x7D,0x7
00004b 6f7f
D:\6492\lab2\Debug\List\lab2.asm(1142): warning: .cseg .db misalignment - padding zero byte
00004c 0040      	.DB  0x7F,0x6F,0x40
                 _0x2000060:
D:\6492\lab2\Debug\List\lab2.asm(1144): warning: .cseg .db misalignment - padding zero byte
00004d 0001      	.DB  0x1
                 _0x2000000:
00004e 4e2d
00004f 4e41
000050 4900
000051 464e      	.DB  0x2D,0x4E,0x41,0x4E,0x0,0x49,0x4E,0x46
D:\6492\lab2\Debug\List\lab2.asm(1147): warning: .cseg .db misalignment - padding zero byte
000052 0000      	.DB  0x0
                 
                 __GLOBAL_INI_TBL:
000053 0002      	.DW  0x02
000054 0004      	.DW  0x04
000055 008c      	.DW  __REG_VARS*2
                 
000056 000b      	.DW  0x0B
000057 0500      	.DW  _segments
000058 008e      	.DW  _0x3*2
                 
000059 0001      	.DW  0x01
00005a 050c      	.DW  __seed_G100
00005b 009a      	.DW  _0x2000060*2
                 
                 _0xFFFFFFFF:
00005c 0000      	.DW  0
                 
                 #define __GLOBAL_INI_TBL_PRESENT 1
                 
                 __RESET:
00005d 94f8      	CLI
00005e 27ee      	CLR  R30
00005f bbec      	OUT  EECR,R30
                 
                 ;INTERRUPT VECTORS ARE PLACED
                 ;AT THE START OF FLASH
000060 e0f1      	LDI  R31,1
000061 bff5      	OUT  MCUCR,R31
000062 bfe5      	OUT  MCUCR,R30
000063 93e0 006c 	STS  XMCRB,R30
                 
                 ;CLEAR R2-R14
000065 e08d      	LDI  R24,(14-2)+1
000066 e0a2      	LDI  R26,2
000067 27bb      	CLR  R27
                 __CLEAR_REG:
000068 93ed      	ST   X+,R30
000069 958a      	DEC  R24
00006a f7e9      	BRNE __CLEAR_REG
                 
                 ;CLEAR SRAM
00006b e080      	LDI  R24,LOW(__CLEAR_SRAM_SIZE)
00006c e190      	LDI  R25,HIGH(__CLEAR_SRAM_SIZE)
00006d e0a0      	LDI  R26,LOW(__SRAM_START)
00006e e0b1      	LDI  R27,HIGH(__SRAM_START)
                 __CLEAR_SRAM:
00006f 93ed      	ST   X+,R30
000070 9701      	SBIW R24,1
000071 f7e9      	BRNE __CLEAR_SRAM
                 
                 ;GLOBAL VARIABLES INITIALIZATION
000072 eae6      	LDI  R30,LOW(__GLOBAL_INI_TBL*2)
000073 e0f0      	LDI  R31,HIGH(__GLOBAL_INI_TBL*2)
                 __GLOBAL_INI_NEXT:
000074 9185      	LPM  R24,Z+
000075 9195      	LPM  R25,Z+
000076 9700      	SBIW R24,0
000077 f061      	BREQ __GLOBAL_INI_END
000078 91a5      	LPM  R26,Z+
000079 91b5      	LPM  R27,Z+
00007a 9005      	LPM  R0,Z+
00007b 9015      	LPM  R1,Z+
00007c 01bf      	MOVW R22,R30
00007d 01f0      	MOVW R30,R0
                 __GLOBAL_INI_LOOP:
00007e 9005      	LPM  R0,Z+
00007f 920d      	ST   X+,R0
000080 9701      	SBIW R24,1
000081 f7e1      	BRNE __GLOBAL_INI_LOOP
000082 01fb      	MOVW R30,R22
000083 cff0      	RJMP __GLOBAL_INI_NEXT
                 __GLOBAL_INI_END:
                 
000084 bf8b      	OUT  RAMPZ,R24
                 
                 ;HARDWARE STACK POINTER INITIALIZATION
000085 efef      	LDI  R30,LOW(__SRAM_END-__HEAP_SIZE)
000086 bfed      	OUT  SPL,R30
000087 e1e0      	LDI  R30,HIGH(__SRAM_END-__HEAP_SIZE)
000088 bfee      	OUT  SPH,R30
                 
                 ;DATA STACK POINTER INITIALIZATION
000089 e0c0      	LDI  R28,LOW(__SRAM_START+__DSTACK_SIZE)
00008a e0d5      	LDI  R29,HIGH(__SRAM_START+__DSTACK_SIZE)
                 
00008b 940c 014d 	JMP  _main
                 
                 	.ESEG
                 	.ORG 0
                 
                 	.DSEG
                 	.ORG 0x500
                 
                 	.CSEG
                 ;/*
                 ; * lab2.c
                 ; *
                 ; * Created: 11.09.2019 11:46:22
                 ; * Author: Student
                 ; *
                 ; * Variant 8
                 ; * 8-ми разр. быстрая ШИМ 0x00FF
                 ; */
                 ;#include <define.h>
                 	#ifndef __SLEEP_DEFINED__
                 	#define __SLEEP_DEFINED__
                 	.EQU __se_bit=0x20
                 	.EQU __sm_mask=0x1C
                 	.EQU __sm_powerdown=0x10
                 	.EQU __sm_powersave=0x18
                 	.EQU __sm_standby=0x14
                 	.EQU __sm_ext_standby=0x1C
                 	.EQU __sm_adc_noise_red=0x08
                 	.SET power_ctrl_reg=mcucr
                 	#endif
                 ;
                 ;
                 ;// Массив кодов цифр
                 ;const unsigned char segments[] = {0x3F, 0x06, 0x5B, 0x4F, 0x66, 0x6D,0x7D, 0x07, 0x7F, 0x6F, 0x40, 0x00};
                 
                 	.DSEG
                 ;unsigned char Digit (unsigned int val, unsigned char m)
                 ; 0000 000A {
                 
                 	.CSEG
                 _Digit:
                 ; .FSTART _Digit
                 ;    //[]-----------------------------------------------------[]
                 ;    //| Назначение: выделение цифр из разрядов пятиразрядного |
                 ;    //| десятичного положительного числа  |
                 ;    //| Входные параметры: |
                 ;    //| d - целое десятичное положительное число |
                 ;    //| m - номер разряда (от 1 до 5, слева направо) |
                 ;    //| Функция возвращает значение цифры в разряде m числа d |
                 ;    //[]-----------------------------------------------------[]
                 ;    unsigned char i = 5, a ;
                 ;    unsigned int d = val ;
                 ;    while(i)
00008d 93aa      	ST   -Y,R26
00008e 940e 019d 	CALL __SAVELOCR4
                 ;	val -> Y+5
                 ;	m -> Y+4
                 ;	i -> R17
                 ;	a -> R16
                 ;	d -> R18,R19
000090 e015      	LDI  R17,5
                +
000091 812d     +LDD R18 , Y + 5
000092 813e     +LDD R19 , Y + 5 + 1
                 	__GETWRS 18,19,5
                 _0x4:
000093 3010      	CPI  R17,0
000094 f099      	BREQ _0x6
                 ;    { // цикл по разрядам числа
                 ;        a = d%10; // выделяем очередной разряд
000095 01d9      	MOVW R26,R18
000096 e0ea      	LDI  R30,LOW(10)
000097 e0f0      	LDI  R31,HIGH(10)
000098 940e 0198 	CALL __MODW21U
00009a 2f0e      	MOV  R16,R30
                 ;        if(i-- == m) break; // выделен заданный разряд - уходим
00009b 931f      	PUSH R17
00009c 5011      	SUBI R17,1
00009d 81ec      	LDD  R30,Y+4
00009e 91af      	POP  R26
00009f 17ea      	CP   R30,R26
0000a0 f039      	BREQ _0x6
                 ;        d /= 10; // уменьшаем число в 10 раз
0000a1 01d9      	MOVW R26,R18
0000a2 e0ea      	LDI  R30,LOW(10)
0000a3 e0f0      	LDI  R31,HIGH(10)
0000a4 940e 0185 	CALL __DIVW21U
0000a6 019f      	MOVW R18,R30
                 ;    }
0000a7 cfeb      	RJMP _0x4
                 _0x6:
                 ;    return(a);
0000a8 2fe0      	MOV  R30,R16
0000a9 940e 01a4 	CALL __LOADLOCR4
0000ab 9627      	ADIW R28,7
0000ac 9508      	RET
                 ;}
                 ; .FEND
                 ;
                 ;void indic_int (int val)
                 ;{
                 _indic_int:
                 ; .FSTART _indic_int
                 ;    unsigned char i = 1;
                 ;    int flag_first_digit = 0;
                 ;    int var = val;
                 ;    if(val<0)
0000ad 93ba      	ST   -Y,R27
0000ae 93aa      	ST   -Y,R26
0000af 940e 019b 	CALL __SAVELOCR6
                 ;	val -> Y+6
                 ;	i -> R17
                 ;	flag_first_digit -> R18,R19
                 ;	var -> R20,R21
0000b1 e011      	LDI  R17,1
                +
0000b2 e020     +LDI R18 , LOW ( 0 )
0000b3 e030     +LDI R19 , HIGH ( 0 )
                 	__GETWRN 18,19,0
                +
0000b4 814e     +LDD R20 , Y + 6
0000b5 815f     +LDD R21 , Y + 6 + 1
                 	__GETWRS 20,21,6
0000b6 81af      	LDD  R26,Y+7
0000b7 23aa      	TST  R26
0000b8 f422      	BRPL _0x8
                 ;    {
                 ;        var = abs(val); ///перевод в прямой код отрицательного числа
0000b9 81ae      	LDD  R26,Y+6
0000ba 81bf      	LDD  R27,Y+6+1
0000bb d0a6      	RCALL _abs
0000bc 01af      	MOVW R20,R30
                 ;    }
                 ;    do
                 _0x8:
                 _0xA:
                 ;    {
                 ;       unsigned int digit;
                 ;       digit=Digit(var,i);
0000bd 9722      	SBIW R28,2
                 ;	val -> Y+8
                 ;	digit -> Y+0
0000be 935a      	ST   -Y,R21
0000bf 934a      	ST   -Y,R20
0000c0 2fa1      	MOV  R26,R17
0000c1 dfcb      	RCALL _Digit
0000c2 e0f0      	LDI  R31,0
0000c3 83e8      	ST   Y,R30
0000c4 83f9      	STD  Y+1,R31
                 ;
                 ;       if(digit==0)
0000c5 9730      	SBIW R30,0
0000c6 f481      	BRNE _0xC
                 ;       {
                 ;            if(flag_first_digit==0)
0000c7 2e02      	MOV  R0,R18
0000c8 2a03      	OR   R0,R19
0000c9 f449      	BRNE _0xD
                 ;            {
                 ;                PORTC = segments[VOID];
                +
0000ca 91e0 050b+LDS R30 , _segments + ( 11 )
                 	__GETB1MN _segments,11
0000cc bbe5      	OUT  0x15,R30
                 ;                if(i==5)
0000cd 3015      	CPI  R17,5
0000ce f419      	BRNE _0xE
                 ;                {
                 ;                    PORTC = segments[0];
0000cf 91e0 0500 	LDS  R30,_segments
0000d1 bbe5      	OUT  0x15,R30
                 ;                }
                 ;            }else
                 _0xE:
0000d2 c003      	RJMP _0xF
                 _0xD:
                 ;            {
                 ;                PORTC = segments[0];
0000d3 91e0 0500 	LDS  R30,_segments
0000d5 bbe5      	OUT  0x15,R30
                 ;            }
                 _0xF:
                 ;       }else
0000d6 c01d      	RJMP _0x10
                 _0xC:
                 ;       {     if(val<0)
0000d7 85a9      	LDD  R26,Y+9
0000d8 23aa      	TST  R26
0000d9 f492      	BRPL _0x11
                 ;             {
                 ;                 if(flag_first_digit==0)
0000da 2e02      	MOV  R0,R18
0000db 2a03      	OR   R0,R19
0000dc f479      	BRNE _0x12
                 ;                 {
                 ;                     PORTC = segments[SIGN];
                +
0000dd 91e0 050a+LDS R30 , _segments + ( 10 )
                 	__GETB1MN _segments,10
0000df bbe5      	OUT  0x15,R30
                 ;                     BitSet(PORTA,i-1) ;
0000e0 940e 016c 	CALL SUBOPT_0x0
0000e2 29e1      	OR   R30,R1
0000e3 bbeb      	OUT  0x1B,R30
                 ;                     delay_us(1)     ;
                +
0000e4 e084     +LDI R24 , LOW ( 4 )
                +__DELAY_USB_LOOP :
0000e5 958a     +DEC R24
0000e6 f7f1     +BRNE __DELAY_USB_LOOP
                 	__DELAY_USB 4
                 ;                     BitClr(PORTA,i-1) ;
0000e7 940e 016c 	CALL SUBOPT_0x0
0000e9 95e0      	COM  R30
0000ea 21e1      	AND  R30,R1
0000eb bbeb      	OUT  0x1B,R30
                 ;                 }
                 ;             }
                 _0x12:
                 ;             flag_first_digit = 1;
                 _0x11:
                +
0000ec e021     +LDI R18 , LOW ( 1 )
0000ed e030     +LDI R19 , HIGH ( 1 )
                 	__GETWRN 18,19,1
                 ;             PORTC = segments[digit];
0000ee 81e8      	LD   R30,Y
0000ef 81f9      	LDD  R31,Y+1
0000f0 50e0      	SUBI R30,LOW(-_segments)
0000f1 4ffb      	SBCI R31,HIGH(-_segments)
0000f2 81e0      	LD   R30,Z
0000f3 bbe5      	OUT  0x15,R30
                 ;
                 ;       }
                 _0x10:
                 ;       BitSet(PORTA,i) ;
0000f4 b21b      	IN   R1,27
0000f5 2fe1      	MOV  R30,R17
0000f6 e0a1      	LDI  R26,LOW(1)
0000f7 940e 017d 	CALL __LSLB12
0000f9 29e1      	OR   R30,R1
0000fa bbeb      	OUT  0x1B,R30
                 ;       delay_us(1)     ;
                +
0000fb e084     +LDI R24 , LOW ( 4 )
                +__DELAY_USB_LOOP :
0000fc 958a     +DEC R24
0000fd f7f1     +BRNE __DELAY_USB_LOOP
                 	__DELAY_USB 4
                 ;       BitClr(PORTA,i) ;
0000fe b21b      	IN   R1,27
0000ff 2fe1      	MOV  R30,R17
000100 e0a1      	LDI  R26,LOW(1)
000101 940e 017d 	CALL __LSLB12
000103 95e0      	COM  R30
000104 21e1      	AND  R30,R1
000105 bbeb      	OUT  0x1B,R30
                 ;       i++;
000106 5f1f      	SUBI R17,-1
                 ;    }
000107 9622      	ADIW R28,2
                 ;    while (i<=5);
000108 3016      	CPI  R17,6
000109 f408      	BRSH _0xB
00010a cfb2      	RJMP _0xA
                 _0xB:
                 ;
                 ;}
00010b 940e 01a2 	CALL __LOADLOCR6
00010d 9628      	ADIW R28,8
00010e 9508      	RET
                 ; .FEND
                 ;
                 ;void init_segments()
                 ;{
                 _init_segments:
                 ; .FSTART _init_segments
                 ;    PORTA = 0 ;
00010f e0e0      	LDI  R30,LOW(0)
000110 bbeb      	OUT  0x1B,R30
                 ;    PORTC = 0 ;
000111 bbe5      	OUT  0x15,R30
                 ;    DDRA = _BV(DDA1) | _BV(DDA2) | _BV(DDA3) | _BV(DDA4) | _BV(DDA5)  ;
000112 e3ee      	LDI  R30,LOW(62)
000113 bbea      	OUT  0x1A,R30
                 ;    DDRC = _BV(DDC0) | _BV(DDC1) | _BV(DDC2) | _BV(DDC3) | _BV(DDC4) | _BV(DDC5) | _BV(DDC6) | _BV(DDC7);
000114 efef      	LDI  R30,LOW(255)
000115 bbe4      	OUT  0x14,R30
                 ;    #asm("sei");  //разрешение прерываний
000116 9478      	sei
                 ;    EICRA = _BV(ISC11) | _BV(ISC10) ;//на фронт
000117 e0ec      	LDI  R30,LOW(12)
000118 93e0 006a 	STS  106,R30
                 ;    EIMSK = _BV(INT1);
00011a e0e2      	LDI  R30,LOW(2)
00011b bfe9      	OUT  0x39,R30
                 ;}
00011c 9508      	RET
                 ; .FEND
                 ;
                 ;
                 ;interrupt [EXT_INT1] void int1Isr(void)
                 ; 0000 000D {
                 _int1Isr:
                 ; .FSTART _int1Isr
00011d 920a      	ST   -Y,R0
00011e 93ea      	ST   -Y,R30
00011f 93fa      	ST   -Y,R31
000120 b7ef      	IN   R30,SREG
000121 93ea      	ST   -Y,R30
                 ; 0000 000E     // Если прерывание по фронту
                 ; 0000 000F     if(BIT_IS_SET(PIND, 1))
000122 9b81      	SBIS 0x10,1
000123 c00c      	RJMP _0x13
                 ; 0000 0010     {
                 ; 0000 0011         // Настраиваем прерывание на срез
                 ; 0000 0012         EICRA = _BV(ISC11);
000124 e0e8      	LDI  R30,LOW(8)
000125 93e0 006a 	STS  106,R30
                 ; 0000 0013 
                 ; 0000 0014         if(BIT_IS_CLEAR(PIND, 0))
000127 9980      	SBIC 0x10,0
000128 c003      	RJMP _0x14
                 ; 0000 0015         {
                 ; 0000 0016             angle+=1;
000129 01f2      	MOVW R30,R4
00012a 9631      	ADIW R30,1
00012b c002      	RJMP _0x1F
                 ; 0000 0017         }
                 ; 0000 0018         else    // Если на второй ножке высокий уровень
                 _0x14:
                 ; 0000 0019         {
                 ; 0000 001A             angle-=1;
00012c 01f2      	MOVW R30,R4
00012d 9731      	SBIW R30,1
                 _0x1F:
00012e 012f      	MOVW R4,R30
                 ; 0000 001B         }
                 ; 0000 001C     }
                 ; 0000 001D     else
00012f c00b      	RJMP _0x16
                 _0x13:
                 ; 0000 001E     {
                 ; 0000 001F         // Если прерывание по срезу
                 ; 0000 0020         // Настраиваем прерывание на фронт
                 ; 0000 0021         EICRA = _BV(ISC11) | _BV(ISC10);
000130 e0ec      	LDI  R30,LOW(12)
000131 93e0 006a 	STS  106,R30
                 ; 0000 0022 
                 ; 0000 0023         if(BIT_IS_CLEAR(PIND, 0))
000133 9980      	SBIC 0x10,0
000134 c003      	RJMP _0x17
                 ; 0000 0024         {
                 ; 0000 0025             angle-=1;
000135 01f2      	MOVW R30,R4
000136 9731      	SBIW R30,1
000137 c002      	RJMP _0x20
                 ; 0000 0026         }
                 ; 0000 0027         else        // Если на второй ножке высокий уровень
                 _0x17:
                 ; 0000 0028         {
                 ; 0000 0029             angle+=1;
000138 01f2      	MOVW R30,R4
000139 9631      	ADIW R30,1
                 _0x20:
00013a 012f      	MOVW R4,R30
                 ; 0000 002A         }
                 ; 0000 002B     }
                 _0x16:
                 ; 0000 002C     if(angle>255)
00013b efef      	LDI  R30,LOW(255)
00013c e0f0      	LDI  R31,HIGH(255)
00013d 15e4      	CP   R30,R4
00013e 05f5      	CPC  R31,R5
00013f f40c      	BRGE _0x19
                 ; 0000 002D     {
                 ; 0000 002E         angle=255;
000140 012f      	MOVW R4,R30
                 ; 0000 002F     }
                 ; 0000 0030      if(angle<0)
                 _0x19:
000141 2400      	CLR  R0
000142 1440      	CP   R4,R0
000143 0450      	CPC  R5,R0
000144 f414      	BRGE _0x1A
                 ; 0000 0031     {
                 ; 0000 0032         angle=0;
000145 2444      	CLR  R4
000146 2455      	CLR  R5
                 ; 0000 0033     }
                 ; 0000 0034 
                 ; 0000 0035 }
                 _0x1A:
000147 91e9      	LD   R30,Y+
000148 bfef      	OUT  SREG,R30
000149 91f9      	LD   R31,Y+
00014a 91e9      	LD   R30,Y+
00014b 9009      	LD   R0,Y+
00014c 9518      	RETI
                 ; .FEND
                 ;
                 ;void main(void)
                 ; 0000 0038 {
                 _main:
                 ; .FSTART _main
                 ; 0000 0039     init_segments();
00014d dfc1      	RCALL _init_segments
                 ; 0000 003A 
                 ; 0000 003B     // Инициализация портов ввода/вывода
                 ; 0000 003C     DDRE = _BV(4) | _BV(5);
00014e e3e0      	LDI  R30,LOW(48)
00014f b9e2      	OUT  0x2,R30
                 ; 0000 003D 
                 ; 0000 003E     // Инициализация таймера №3
                 ; 0000 003F     // 8-ми разр. быстрая ШИМ WGM
                 ; 0000 0040     //COM3B Сброс OCnX при совпадении (установка 0)
                 ; 0000 0041     // COM3C установка OCnX при совпадении (установка 1)
                 ; 0000 0042     TCCR3A =  _BV(COM3B1) | _BV(COM3C1) | _BV(COM3C0) | _BV(WGM30);
000150 e2ed      	LDI  R30,LOW(45)
000151 93e0 008b 	STS  139,R30
                 ; 0000 0043     TCCR3B = _BV(WGM32) | _BV(CS30);
000153 e0e9      	LDI  R30,LOW(9)
000154 93e0 008a 	STS  138,R30
                 ; 0000 0044 
                 ; 0000 0045 while (1)
                 _0x1B:
                 ; 0000 0046     {
                 ; 0000 0047      indic_int(angle);
000156 01d2      	MOVW R26,R4
000157 df55      	RCALL _indic_int
                 ; 0000 0048      OCR3CL = angle;
000158 9240 0082 	STS  130,R4
                 ; 0000 0049      OCR3BL = angle;
00015a 9240 0084 	STS  132,R4
                 ; 0000 004A      delay_ms(20);
00015c e1a4      	LDI  R26,LOW(20)
00015d e0b0      	LDI  R27,0
00015e 940e 0173 	CALL _delay_ms
                 ; 0000 004B     }
000160 cff5      	RJMP _0x1B
                 ; 0000 004C }
                 _0x1E:
000161 cfff      	RJMP _0x1E
                 ; .FEND
                 
                 	.CSEG
                 _abs:
                 ; .FSTART _abs
000162 93ba      	ST   -Y,R27
000163 93aa      	ST   -Y,R26
000164 91e9          ld   r30,y+
000165 91f9          ld   r31,y+
000166 9730          sbiw r30,0
000167 f41a          brpl __abs0
000168 95e0          com  r30
000169 95f0          com  r31
00016a 9631          adiw r30,1
                 __abs0:
00016b 9508          ret
                 ; .FEND
                 
                 	.DSEG
                 
                 	.CSEG
                 
                 	.CSEG
                 
                 	.CSEG
                 
                 	.CSEG
                 
                 	.DSEG
                 _segments:
000500           	.BYTE 0xC
                 __seed_G100:
00050c           	.BYTE 0x4
                 
                 	.CSEG
                 ;OPTIMIZER ADDED SUBROUTINE, CALLED 2 TIMES, CODE SIZE REDUCTION:1 WORDS
                 SUBOPT_0x0:
00016c b21b      	IN   R1,27
00016d 2fe1      	MOV  R30,R17
00016e 50e1      	SUBI R30,LOW(1)
00016f e0a1      	LDI  R26,LOW(1)
000170 940e 017d 	CALL __LSLB12
000172 9508      	RET
                 
                 
                 	.CSEG
                 _delay_ms:
000173 9610      	adiw r26,0
000174 f039      	breq __delay_ms1
                 __delay_ms0:
                +
000175 ec8b     +LDI R24 , LOW ( 0xACB )
000176 e09a     +LDI R25 , HIGH ( 0xACB )
                +__DELAY_USW_LOOP :
000177 9701     +SBIW R24 , 1
000178 f7f1     +BRNE __DELAY_USW_LOOP
                 	__DELAY_USW 0xACB
000179 95a8      	wdr
00017a 9711      	sbiw r26,1
00017b f7c9      	brne __delay_ms0
                 __delay_ms1:
00017c 9508      	ret
                 
                 __LSLB12:
00017d 23ee      	TST  R30
00017e 2e0e      	MOV  R0,R30
00017f 2fea      	MOV  R30,R26
000180 f019      	BREQ __LSLB12R
                 __LSLB12L:
000181 0fee      	LSL  R30
000182 940a      	DEC  R0
000183 f7e9      	BRNE __LSLB12L
                 __LSLB12R:
000184 9508      	RET
                 
                 __DIVW21U:
000185 2400      	CLR  R0
000186 2411      	CLR  R1
000187 e190      	LDI  R25,16
                 __DIVW21U1:
000188 0faa      	LSL  R26
000189 1fbb      	ROL  R27
00018a 1c00      	ROL  R0
00018b 1c11      	ROL  R1
00018c 1a0e      	SUB  R0,R30
00018d 0a1f      	SBC  R1,R31
00018e f418      	BRCC __DIVW21U2
00018f 0e0e      	ADD  R0,R30
000190 1e1f      	ADC  R1,R31
000191 c001      	RJMP __DIVW21U3
                 __DIVW21U2:
000192 60a1      	SBR  R26,1
                 __DIVW21U3:
000193 959a      	DEC  R25
000194 f799      	BRNE __DIVW21U1
000195 01fd      	MOVW R30,R26
000196 01d0      	MOVW R26,R0
000197 9508      	RET
                 
                 __MODW21U:
000198 dfec      	RCALL __DIVW21U
000199 01fd      	MOVW R30,R26
00019a 9508      	RET
                 
                 __SAVELOCR6:
00019b 935a      	ST   -Y,R21
                 __SAVELOCR5:
00019c 934a      	ST   -Y,R20
                 __SAVELOCR4:
00019d 933a      	ST   -Y,R19
                 __SAVELOCR3:
00019e 932a      	ST   -Y,R18
                 __SAVELOCR2:
00019f 931a      	ST   -Y,R17
0001a0 930a      	ST   -Y,R16
0001a1 9508      	RET
                 
                 __LOADLOCR6:
0001a2 815d      	LDD  R21,Y+5
                 __LOADLOCR5:
0001a3 814c      	LDD  R20,Y+4
                 __LOADLOCR4:
0001a4 813b      	LDD  R19,Y+3
                 __LOADLOCR3:
0001a5 812a      	LDD  R18,Y+2
                 __LOADLOCR2:
0001a6 8119      	LDD  R17,Y+1
0001a7 8108      	LD   R16,Y
0001a8 9508      	RET
                 
                 ;END OF CODE MARKER
                 __END_OF_CODE:


RESOURCE USE INFORMATION
------------------------

Notice:
The register and instruction counts are symbol table hit counts,
and hence implicitly used resources are not counted, eg, the
'lpm' instruction without operands implicitly uses r0 and z,
none of which are counted.

x,y,z are separate entities in the symbol table and are
counted separately from r26..r31 here.

.dseg memory usage only counts static data declared with .byte

ATmega128A register use summary:
r0 :  20 r1 :  12 r2 :   0 r3 :   0 r4 :  13 r5 :   3 r6 :   0 r7 :   0 
r8 :   0 r9 :   0 r10:   0 r11:   0 r12:   0 r13:   0 r14:   0 r15:   0 
r16:   4 r17:  14 r18:  10 r19:   7 r20:   5 r21:   4 r22:   2 r23:   0 
r24:  14 r25:   5 r26:  29 r27:   8 r28:   5 r29:   1 r30: 102 r31:  17 
x  :   3 y  :  42 z  :   8 
Registers used: 22 out of 35 (62.9%)

ATmega128A instruction use summary:
.lds  :   0 .lds.l:   0 .sts  :   0 .sts.l:   0 adc   :   1 add   :   1 
adiw  :   7 and   :   2 andi  :   0 asr   :   0 bclr  :   0 bld   :   0 
brbc  :   0 brbs  :   0 brcc  :   1 brcs  :   0 break :   0 breq  :   5 
brge  :   2 brhc  :   0 brhs  :   0 brid  :   0 brie  :   0 brlo  :   0 
brlt  :   0 brmi  :   0 brne  :  13 brpl  :   3 brsh  :   1 brtc  :   0 
brts  :   0 brvc  :   0 brvs  :   0 bset  :   0 bst   :   0 call  :  12 
cbi   :   0 cbr   :   0 clc   :   0 clh   :   0 cli   :   1 cln   :   0 
clr   :   7 cls   :   0 clt   :   0 clv   :   0 clz   :   0 com   :   4 
cp    :   3 cpc   :   2 cpi   :   3 cpse  :   0 dec   :   5 des   :   0 
elpm  :   0 eor   :   0 fmul  :   0 fmuls :   0 fmulsu:   0 icall :   0 
ijmp  :   0 in    :   4 inc   :   0 jmp   :  36 ld    :   9 ldd   :  15 
ldi   :  46 lds   :   4 lpm   :   7 lsl   :   2 lsr   :   0 mov   :  10 
movw  :  18 mul   :   0 muls  :   0 mulsu :   0 neg   :   0 nop   :   0 
or    :   4 ori   :   0 out   :  22 pop   :   1 push  :   1 rcall :   5 
ret   :  11 reti  :   1 rjmp  :  14 rol   :   3 ror   :   0 sbc   :   1 
sbci  :   1 sbi   :   0 sbic  :   2 sbis  :   1 sbiw  :  10 sbr   :   1 
sbrc  :   0 sbrs  :   0 sec   :   0 seh   :   0 sei   :   1 sen   :   0 
ser   :   0 ses   :   0 set   :   0 sev   :   0 sez   :   0 sleep :   0 
spm   :   0 st    :  21 std   :   1 sts   :   8 sub   :   1 subi  :   4 
swap  :   0 tst   :   3 wdr   :   1 
Instructions used: 51 out of 117 (43.6%)

ATmega128A memory use summary [bytes]:
Segment   Begin    End      Code   Data   Used    Size   Use%
---------------------------------------------------------------
[.cseg] 0x000000 0x000352    804     46    850  131072   0.6%
[.dseg] 0x000100 0x000510      0     16     16    4096   0.4%
[.eseg] 0x000000 0x000000      0      0      0    4096   0.0%

Assembly complete, 0 errors, 5 warnings
