RAM Allocation [bytes]
Variable                                                                          Address   Size
------------------------------------------------------------------------------------------------
segments                                                                          0x0500      12
_seed                                                                             0x050C       4

EEPROM Allocation [bytes]
Variable                                                                          Address   Size
------------------------------------------------------------------------------------------------

Register Allocation
Variable                                                                          Register  Size
------------------------------------------------------------------------------------------------
angle                                                                             R4,R5        2

FLASH Allocation [words]
Function                                                                          Address   Size
------------------------------------------------------------------------------------------------
Digit                                                                             0x0008D     32
indic_int                                                                         0x000AD     98
init_segments                                                                     0x0010F     10
int1Isr                                                                           0x00119     46
main                                                                              0x00147     15
abs                                                                               0x00156     10
